--- builtins ---
sys.argc: 0
type(io): module
type(io.read_file): function
--- pure-bnl deps ---
mathlib.add(2,3): 5
mathlib.PI: 3.14
greeter.hello: hello alice
flat.tag: flat-utils-tag
--- plugin via deps ---
plugin.cube(4): 64
plugin.hypot(3,4): 5
plugin.greeting: Hi from a native plugin!
--- walk-up ---
nested.compute: 30
